-0.020 0.540 -2.000 4.000
0.020 -0.460 2.000 4.000
