0.400 0.500 4.000 0.000
-0.100 -0.500 -1.000 0.000
