-0.040 0.560 -2.000 3.000
0.040 -0.400 2.000 5.000
