0.000 0.520 0.000 2.000
0.000 -0.520 0.000 -2.000
