-960.976 16687.769 -0.078 1.352
960.976 -16687.769 0.078 -1.352
960.976 16687.769 0.078 1.352
-960.976 -16687.769 -0.078 -1.352
0.000 0.000 0.000 0.000
80122.366 0.000 6.490 0.000
-80122.366 0.000 -6.490 0.000
