0.514 0.514 1.414 1.414
-0.514 -0.514 -1.414 -1.414
-0.514 0.514 -1.414 1.414
0.514 -0.514 1.414 -1.414
0.000 0.000 0.000 0.000
0.558 0.558 4.384 4.384
-0.558 -0.558 -4.384 -4.384
-0.558 0.558 -4.384 4.384
0.558 -0.558 4.384 -4.384
0.000 0.000 0.000 0.000
0.770 0.770 10.621 10.621
-0.770 -0.770 -10.621 -10.621
-0.770 0.770 -10.621 10.621
0.770 -0.770 10.621 -10.621
0.000 0.000 0.000 0.000
