0.510 0.000 50.000 0.000
-0.510 0.000 -50.000 0.000
1.020 0.000 50.980 0.000
-1.020 0.000 -50.980 0.000
1.535 0.000 51.471 0.000
-1.535 0.000 -51.471 0.000
2.052 0.000 51.797 0.000
-2.052 0.000 -51.797 0.000
2.573 0.000 52.040 0.000
-2.573 0.000 -52.040 0.000
