0.000 0.492 0.000 -0.750
0.011 0.000 1.100 0.000
0.000 -0.492 0.000 0.750
0.000 0.478 0.006 -1.489
0.022 0.000 1.089 0.000
0.000 -0.478 0.006 1.489
