0.278 0.180 -5.772 5.439
-1.528 1.070 -4.228 4.561
-2.559 2.812 -22.698 21.060
-3.691 3.438 -17.302 18.940
