-0.040 0.500 -2.000 0.000
0.040 -0.460 2.000 2.000
-0.373 0.545 -3.334 0.454
0.373 -0.305 3.334 1.546
